// Jest Snapshot v1, https://goo.gl/fbAQLP

exports[`DimensionButtons renders correctly with defaults 1`] = `
<Fragment>
  <ButtonGroup
    className="block-editor-dimension-control__buttons"
    id="block-editor-dimension-control-buttons-1"
  >
    <Tooltip
      key="none"
      text="None"
    >
      <ForwardRef(Button)
        aria-pressed={false}
        className="block-editor-dimension-control__button"
        isDefault={true}
        isPrimary={false}
        value="none"
      >
        N
        <span
          className="screen-reader-text"
        >
          one
        </span>
      </ForwardRef(Button)>
    </Tooltip>
    <Tooltip
      key="small"
      text="Small"
    >
      <ForwardRef(Button)
        aria-pressed={false}
        className="block-editor-dimension-control__button"
        isDefault={true}
        isPrimary={false}
        value="small"
      >
        S
        <span
          className="screen-reader-text"
        >
          mall
        </span>
      </ForwardRef(Button)>
    </Tooltip>
    <Tooltip
      key="medium"
      text="Medium"
    >
      <ForwardRef(Button)
        aria-pressed={false}
        className="block-editor-dimension-control__button"
        isDefault={true}
        isPrimary={false}
        value="medium"
      >
        M
        <span
          className="screen-reader-text"
        >
          edium
        </span>
      </ForwardRef(Button)>
    </Tooltip>
    <Tooltip
      key="large"
      text="Large"
    >
      <ForwardRef(Button)
        aria-pressed={false}
        className="block-editor-dimension-control__button"
        isDefault={true}
        isPrimary={false}
        value="large"
      >
        L
        <span
          className="screen-reader-text"
        >
          arge
        </span>
      </ForwardRef(Button)>
    </Tooltip>
    <Tooltip
      key="xlarge"
      text="XLarge"
    >
      <ForwardRef(Button)
        aria-pressed={false}
        className="block-editor-dimension-control__button"
        isDefault={true}
        isPrimary={false}
        value="xlarge"
      >
        <abbr
          title="Extra Large"
        >
          X
          <span
            className="screen-reader-text"
          >
            Large
          </span>
        </abbr>
      </ForwardRef(Button)>
    </Tooltip>
  </ButtonGroup>
</Fragment>
`;
